
> workforceap@1.0.0 dev /app
> next dev

   ▲ Next.js 15.5.14
   - Local:        http://localhost:3000
   - Network:      http://192.168.0.2:3000
   - Experiments (use with caution):
     · clientTraceMetadata

 ✓ Starting...
 ○ Compiling /instrumentation ...
 ✓ Compiled /instrumentation in 7.5s (1133 modules)
 ✓ Ready in 11.7s
 ○ Compiling /middleware ...
 ✓ Compiled /middleware in 2.8s (851 modules)
 ○ Compiling / ...
 ✓ Compiled / in 21.6s (3443 modules)
Image with src "/images/logo-tight.png" is using quality "85" which is not configured in images.qualities. This config will be required starting in Next.js 16.
Read more: https://nextjs.org/docs/messages/next-image-unconfigured-qualities
prisma:error
Invalid `prisma.organization.findUnique()` invocation:


Can't reach database server at `127.0.0.1:5432`

Please make sure your database server is running at `127.0.0.1:5432`.
[getActivePrograms] Using static program catalog (database unavailable or default org missing). Error [PrismaClientInitializationError]:
Invalid `prisma.organization.findUnique()` invocation:


Can't reach database server at `127.0.0.1:5432`

Please make sure your database server is running at `127.0.0.1:5432`.
    at async getDefaultOrganizationId (lib/tenant/organization.ts:10:15)
    at async getActivePrograms (lib/platform/programCatalog.ts:48:38)
    at async HomePage (app/page.tsx:38:26)
   8 | export async function getDefaultOrganizationId(): Promise<string> {
   9 |   if (cachedDefaultOrgId) return cachedDefaultOrgId;
> 10 |   const row = await prisma.organization.findUnique({
     |               ^
  11 |     where: { slug: DEFAULT_ORG_SLUG },
  12 |     select: { id: true },
  13 |   }); {
  clientVersion: '5.22.0',
  errorCode: undefined
}
 GET / 200 in 26486ms
<w> [webpack.cache.PackFileCacheStrategy] Serializing big strings (184kiB) impacts deserialization performance (consider using Buffer instead and decode when needed)
<w> [webpack.cache.PackFileCacheStrategy] Serializing big strings (139kiB) impacts deserialization performance (consider using Buffer instead and decode when needed)
<w> [webpack.cache.PackFileCacheStrategy] Serializing big strings (215kiB) impacts deserialization performance (consider using Buffer instead and decode when needed)
prisma:error
Invalid `prisma.organization.findUnique()` invocation:


Can't reach database server at `127.0.0.1:5432`

Please make sure your database server is running at `127.0.0.1:5432`.
[getActivePrograms] Using static program catalog (database unavailable or default org missing). Error [PrismaClientInitializationError]:
Invalid `prisma.organization.findUnique()` invocation:


Can't reach database server at `127.0.0.1:5432`

Please make sure your database server is running at `127.0.0.1:5432`.
    at async getDefaultOrganizationId (lib/tenant/organization.ts:10:15)
    at async getActivePrograms (lib/platform/programCatalog.ts:48:38)
    at async HomePage (app/page.tsx:38:26)
   8 | export async function getDefaultOrganizationId(): Promise<string> {
   9 |   if (cachedDefaultOrgId) return cachedDefaultOrgId;
> 10 |   const row = await prisma.organization.findUnique({
     |               ^
  11 |     where: { slug: DEFAULT_ORG_SLUG },
  12 |     select: { id: true },
  13 |   }); {
  clientVersion: '5.22.0',
  errorCode: undefined
}
 GET / 200 in 739ms
 ○ Compiling /api/auth/me ...
 ✓ Compiled /what-we-do in 6.9s (3469 modules)
Error: Your project's URL and Key are required to create a Supabase client!

Check your Supabase project's API settings to find these values

https://supabase.com/dashboard/project/_/settings/api
    at <unknown> (https://supabase.com/dashboard/project/_/settings/api)
    at createSupabaseServerClient (lib/auth/server.ts:12:28)
    at async getUser (lib/auth/server.ts:57:20)
    at async GET$1 (app/api/auth/me/route.ts:11:16)
  10 |   const cookieStore = await cookies();
  11 |
> 12 |   return createServerClient(
     |                            ^
  13 |     process.env.NEXT_PUBLIC_SUPABASE_URL!,
  14 |     process.env.NEXT_PUBLIC_SUPABASE_ANON_KEY!,
  15 |     {
 GET /api/auth/me 500 in 7979ms
Image with src "/images/logo-tight.png" is using quality "85" which is not configured in images.qualities. This config will be required starting in Next.js 16.
Read more: https://nextjs.org/docs/messages/next-image-unconfigured-qualities
Image with src "/images/logo.png" is using quality "85" which is not configured in images.qualities. This config will be required starting in Next.js 16.
Read more: https://nextjs.org/docs/messages/next-image-unconfigured-qualities
 GET /what-we-do 200 in 4891ms
Error: Your project's URL and Key are required to create a Supabase client!

Check your Supabase project's API settings to find these values

https://supabase.com/dashboard/project/_/settings/api
    at <unknown> (https://supabase.com/dashboard/project/_/settings/api)
    at createSupabaseServerClient (lib/auth/server.ts:12:28)
    at async getUser (lib/auth/server.ts:57:20)
    at async GET$1 (app/api/auth/me/route.ts:11:16)
  10 |   const cookieStore = await cookies();
  11 |
> 12 |   return createServerClient(
     |                            ^
  13 |     process.env.NEXT_PUBLIC_SUPABASE_URL!,
  14 |     process.env.NEXT_PUBLIC_SUPABASE_ANON_KEY!,
  15 |     {
 GET /api/auth/me 500 in 443ms
